Total messages: 183 (Errors: 1, Warnings: 0)

[LOG]   %c├─%c %caction:%c app.bootstrap color: #6b7280 color: inherit; font-weight: normal color: #06b6d4; font-weight: bold color: inherit; font-weight: normal @ http://localhost:5173/node_modules/.vite/deps/evlog.js?v=201f10dc:622
[LOG]   %c├─%c %carea:%c app color: #6b7280 color: inherit; font-weight: normal color: #06b6d4; font-weight: bold color: inherit; font-weight: normal @ http://localhost:5173/node_modules/.vite/deps/evlog.js?v=201f10dc:622
[LOG]   %c├─%c %cmode:%c development color: #6b7280 color: inherit; font-weight: normal color: #06b6d4; font-weight: bold color: inherit; font-weight: normal @ http://localhost:5173/node_modules/.vite/deps/evlog.js?v=201f10dc:622
[LOG]   %c└─%c %cruntime:%c browser color: #6b7280 color: inherit; font-weight: normal color: #06b6d4; font-weight: bold color: inherit; font-weight: normal @ http://localhost:5173/node_modules/.vite/deps/evlog.js?v=201f10dc:622
[LOG] %c14:23:35.760%c %cINFO%c %c[platform-web]%c color: #6b7280 color: inherit; font-weight: normal color: #06b6d4; font-weight: bold color: inherit; font-weight: normal color: #06b6d4; font-weight: bold color: inherit; font-weight: normal @ http://localhost:5173/node_modules/.vite/deps/evlog.js?v=201f10dc:607
[LOG]   %c├─%c %caction:%c fs.server_info color: #6b7280 color: inherit; font-weight: normal color: #06b6d4; font-weight: bold color: inherit; font-weight: normal @ http://localhost:5173/node_modules/.vite/deps/evlog.js?v=201f10dc:622
[LOG]   %c├─%c %carea:%c fs color: #6b7280 color: inherit; font-weight: normal color: #06b6d4; font-weight: bold color: inherit; font-weight: normal @ http://localhost:5173/node_modules/.vite/deps/evlog.js?v=201f10dc:622
[LOG]   %c├─%c %cdurationMs:%c 79 color: #6b7280 color: inherit; font-weight: normal color: #06b6d4; font-weight: bold color: inherit; font-weight: normal @ http://localhost:5173/node_modules/.vite/deps/evlog.js?v=201f10dc:622
[LOG]   %c├─%c %coutcome:%c ok color: #6b7280 color: inherit; font-weight: normal color: #06b6d4; font-weight: bold color: inherit; font-weight: normal @ http://localhost:5173/node_modules/.vite/deps/evlog.js?v=201f10dc:622
[LOG]   %c├─%c %chomePath:%c Users/shaul color: #6b7280 color: inherit; font-weight: normal color: #06b6d4; font-weight: bold color: inherit; font-weight: normal @ http://localhost:5173/node_modules/.vite/deps/evlog.js?v=201f10dc:622
[LOG]   %c├─%c %cworkspaceIndexReadiness:%c cold color: #6b7280 color: inherit; font-weight: normal color: #06b6d4; font-weight: bold color: inherit; font-weight: normal @ http://localhost:5173/node_modules/.vite/deps/evlog.js?v=201f10dc:622
[LOG]   %c└─%c %cruntime:%c browser color: #6b7280 color: inherit; font-weight: normal color: #06b6d4; font-weight: bold color: inherit; font-weight: normal @ http://localhost:5173/node_modules/.vite/deps/evlog.js?v=201f10dc:622
[LOG] %c14:23:35.787%c %cINFO%c %c[platform-web]%c color: #6b7280 color: inherit; font-weight: normal color: #06b6d4; font-weight: bold color: inherit; font-weight: normal color: #06b6d4; font-weight: bold color: inherit; font-weight: normal @ http://localhost:5173/node_modules/.vite/deps/evlog.js?v=201f10dc:607
[LOG]   %c├─%c %caction:%c fs.recents color: #6b7280 color: inherit; font-weight: normal color: #06b6d4; font-weight: bold color: inherit; font-weight: normal @ http://localhost:5173/node_modules/.vite/deps/evlog.js?v=201f10dc:622
[LOG]   %c├─%c %carea:%c fs color: #6b7280 color: inherit; font-weight: normal color: #06b6d4; font-weight: bold color: inherit; font-weight: normal @ http://localhost:5173/node_modules/.vite/deps/evlog.js?v=201f10dc:622
[LOG]   %c├─%c %climit:%c 30 color: #6b7280 color: inherit; font-weight: normal color: #06b6d4; font-weight: bold color: inherit; font-weight: normal @ http://localhost:5173/node_modules/.vite/deps/evlog.js?v=201f10dc:622
[LOG]   %c├─%c %cdurationMs:%c 20 color: #6b7280 color: inherit; font-weight: normal color: #06b6d4; font-weight: bold color: inherit; font-weight: normal @ http://localhost:5173/node_modules/.vite/deps/evlog.js?v=201f10dc:622
[LOG]   %c├─%c %coutcome:%c ok color: #6b7280 color: inherit; font-weight: normal color: #06b6d4; font-weight: bold color: inherit; font-weight: normal @ http://localhost:5173/node_modules/.vite/deps/evlog.js?v=201f10dc:622
[LOG]   %c├─%c %centryCount:%c 1 color: #6b7280 color: inherit; font-weight: normal color: #06b6d4; font-weight: bold color: inherit; font-weight: normal @ http://localhost:5173/node_modules/.vite/deps/evlog.js?v=201f10dc:622
[LOG]   %c└─%c %cruntime:%c browser color: #6b7280 color: inherit; font-weight: normal color: #06b6d4; font-weight: bold color: inherit; font-weight: normal @ http://localhost:5173/node_modules/.vite/deps/evlog.js?v=201f10dc:622
[LOG] %c14:23:35.797%c %cINFO%c %c[platform-web]%c color: #6b7280 color: inherit; font-weight: normal color: #06b6d4; font-weight: bold color: inherit; font-weight: normal color: #06b6d4; font-weight: bold color: inherit; font-weight: normal @ http://localhost:5173/node_modules/.vite/deps/evlog.js?v=201f10dc:607
[LOG]   %c├─%c %caction:%c fs.stat color: #6b7280 color: inherit; font-weight: normal color: #06b6d4; font-weight: bold color: inherit; font-weight: normal @ http://localhost:5173/node_modules/.vite/deps/evlog.js?v=201f10dc:622
[LOG]   %c├─%c %carea:%c fs color: #6b7280 color: inherit; font-weight: normal color: #06b6d4; font-weight: bold color: inherit; font-weight: normal @ http://localhost:5173/node_modules/.vite/deps/evlog.js?v=201f10dc:622
[LOG]   %c├─%c %cpath:%c Users/shaul color: #6b7280 color: inherit; font-weight: normal color: #06b6d4; font-weight: bold color: inherit; font-weight: normal @ http://localhost:5173/node_modules/.vite/deps/evlog.js?v=201f10dc:622
[LOG]   %c├─%c %cdurationMs:%c 19.1 color: #6b7280 color: inherit; font-weight: normal color: #06b6d4; font-weight: bold color: inherit; font-weight: normal @ http://localhost:5173/node_modules/.vite/deps/evlog.js?v=201f10dc:622
[LOG]   %c├─%c %coutcome:%c ok color: #6b7280 color: inherit; font-weight: normal color: #06b6d4; font-weight: bold color: inherit; font-weight: normal @ http://localhost:5173/node_modules/.vite/deps/evlog.js?v=201f10dc:622
[LOG]   %c├─%c %centryType:%c directory color: #6b7280 color: inherit; font-weight: normal color: #06b6d4; font-weight: bold color: inherit; font-weight: normal @ http://localhost:5173/node_modules/.vite/deps/evlog.js?v=201f10dc:622
[LOG]   %c├─%c %csize:%c 7904 color: #6b7280 color: inherit; font-weight: normal color: #06b6d4; font-weight: bold color: inherit; font-weight: normal @ http://localhost:5173/node_modules/.vite/deps/evlog.js?v=201f10dc:622
[LOG]   %c└─%c %cruntime:%c browser color: #6b7280 color: inherit; font-weight: normal color: #06b6d4; font-weight: bold color: inherit; font-weight: normal @ http://localhost:5173/node_modules/.vite/deps/evlog.js?v=201f10dc:622
[LOG] %c14:23:36.049%c %cINFO%c %c[platform-web]%c color: #6b7280 color: inherit; font-weight: normal color: #06b6d4; font-weight: bold color: inherit; font-weight: normal color: #06b6d4; font-weight: bold color: inherit; font-weight: normal @ http://localhost:5173/node_modules/.vite/deps/evlog.js?v=201f10dc:607
[LOG]   %c├─%c %caction:%c fs.tree color: #6b7280 color: inherit; font-weight: normal color: #06b6d4; font-weight: bold color: inherit; font-weight: normal @ http://localhost:5173/node_modules/.vite/deps/evlog.js?v=201f10dc:622
[LOG]   %c├─%c %carea:%c fs color: #6b7280 color: inherit; font-weight: normal color: #06b6d4; font-weight: bold color: inherit; font-weight: normal @ http://localhost:5173/node_modules/.vite/deps/evlog.js?v=201f10dc:622
[LOG]   %c├─%c %cdurationMs:%c 20.3 color: #6b7280 color: inherit; font-weight: normal color: #06b6d4; font-weight: bold color: inherit; font-weight: normal @ http://localhost:5173/node_modules/.vite/deps/evlog.js?v=201f10dc:622
[LOG]   %c├─%c %centryCount:%c 244 color: #6b7280 color: inherit; font-weight: normal color: #06b6d4; font-weight: bold color: inherit; font-weight: normal @ http://localhost:5173/node_modules/.vite/deps/evlog.js?v=201f10dc:622
[LOG]   %c├─%c %coutcome:%c ok color: #6b7280 color: inherit; font-weight: normal color: #06b6d4; font-weight: bold color: inherit; font-weight: normal @ http://localhost:5173/node_modules/.vite/deps/evlog.js?v=201f10dc:622
[LOG]   %c├─%c %cpath:%c Users/shaul color: #6b7280 color: inherit; font-weight: normal color: #06b6d4; font-weight: bold color: inherit; font-weight: normal @ http://localhost:5173/node_modules/.vite/deps/evlog.js?v=201f10dc:622
[LOG]   %c├─%c %ccoalescedCount:%c 1 color: #6b7280 color: inherit; font-weight: normal color: #06b6d4; font-weight: bold color: inherit; font-weight: normal @ http://localhost:5173/node_modules/.vite/deps/evlog.js?v=201f10dc:622
[LOG]   %c└─%c %cruntime:%c browser color: #6b7280 color: inherit; font-weight: normal color: #06b6d4; font-weight: bold color: inherit; font-weight: normal @ http://localhost:5173/node_modules/.vite/deps/evlog.js?v=201f10dc:622
[LOG] %c14:23:50.689%c %cINFO%c %c[platform-web]%c color: #6b7280 color: inherit; font-weight: normal color: #06b6d4; font-weight: bold color: inherit; font-weight: normal color: #06b6d4; font-weight: bold color: inherit; font-weight: normal @ http://localhost:5173/node_modules/.vite/deps/evlog.js?v=201f10dc:607
[LOG]   %c├─%c %caction:%c fs.stat color: #6b7280 color: inherit; font-weight: normal color: #06b6d4; font-weight: bold color: inherit; font-weight: normal @ http://localhost:5173/node_modules/.vite/deps/evlog.js?v=201f10dc:622
[LOG]   %c├─%c %carea:%c fs color: #6b7280 color: inherit; font-weight: normal color: #06b6d4; font-weight: bold color: inherit; font-weight: normal @ http://localhost:5173/node_modules/.vite/deps/evlog.js?v=201f10dc:622
[LOG]   %c├─%c %cpath:%c Users/shaul/Desktop/D/platform color: #6b7280 color: inherit; font-weight: normal color: #06b6d4; font-weight: bold color: inherit; font-weight: normal @ http://localhost:5173/node_modules/.vite/deps/evlog.js?v=201f10dc:622
[LOG]   %c├─%c %cdurationMs:%c 6.4 color: #6b7280 color: inherit; font-weight: normal color: #06b6d4; font-weight: bold color: inherit; font-weight: normal @ http://localhost:5173/node_modules/.vite/deps/evlog.js?v=201f10dc:622
[LOG]   %c├─%c %coutcome:%c ok color: #6b7280 color: inherit; font-weight: normal color: #06b6d4; font-weight: bold color: inherit; font-weight: normal @ http://localhost:5173/node_modules/.vite/deps/evlog.js?v=201f10dc:622
[LOG]   %c├─%c %centryType:%c directory color: #6b7280 color: inherit; font-weight: normal color: #06b6d4; font-weight: bold color: inherit; font-weight: normal @ http://localhost:5173/node_modules/.vite/deps/evlog.js?v=201f10dc:622
[LOG]   %c├─%c %csize:%c 1376 color: #6b7280 color: inherit; font-weight: normal color: #06b6d4; font-weight: bold color: inherit; font-weight: normal @ http://localhost:5173/node_modules/.vite/deps/evlog.js?v=201f10dc:622
[LOG]   %c└─%c %cruntime:%c browser color: #6b7280 color: inherit; font-weight: normal color: #06b6d4; font-weight: bold color: inherit; font-weight: normal @ http://localhost:5173/node_modules/.vite/deps/evlog.js?v=201f10dc:622
[LOG] %c14:23:50.941%c %cINFO%c %c[platform-web]%c color: #6b7280 color: inherit; font-weight: normal color: #06b6d4; font-weight: bold color: inherit; font-weight: normal color: #06b6d4; font-weight: bold color: inherit; font-weight: normal @ http://localhost:5173/node_modules/.vite/deps/evlog.js?v=201f10dc:607
[LOG]   %c├─%c %caction:%c fs.tree color: #6b7280 color: inherit; font-weight: normal color: #06b6d4; font-weight: bold color: inherit; font-weight: normal @ http://localhost:5173/node_modules/.vite/deps/evlog.js?v=201f10dc:622
[LOG]   %c├─%c %carea:%c fs color: #6b7280 color: inherit; font-weight: normal color: #06b6d4; font-weight: bold color: inherit; font-weight: normal @ http://localhost:5173/node_modules/.vite/deps/evlog.js?v=201f10dc:622
[LOG]   %c├─%c %cdurationMs:%c 7.4 color: #6b7280 color: inherit; font-weight: normal color: #06b6d4; font-weight: bold color: inherit; font-weight: normal @ http://localhost:5173/node_modules/.vite/deps/evlog.js?v=201f10dc:622
[LOG]   %c├─%c %centryCount:%c 38 color: #6b7280 color: inherit; font-weight: normal color: #06b6d4; font-weight: bold color: inherit; font-weight: normal @ http://localhost:5173/node_modules/.vite/deps/evlog.js?v=201f10dc:622
[LOG]   %c├─%c %coutcome:%c ok color: #6b7280 color: inherit; font-weight: normal color: #06b6d4; font-weight: bold color: inherit; font-weight: normal @ http://localhost:5173/node_modules/.vite/deps/evlog.js?v=201f10dc:622
[LOG]   %c├─%c %cpath:%c Users/shaul/Desktop/D/platform color: #6b7280 color: inherit; font-weight: normal color: #06b6d4; font-weight: bold color: inherit; font-weight: normal @ http://localhost:5173/node_modules/.vite/deps/evlog.js?v=201f10dc:622
[LOG]   %c├─%c %ccoalescedCount:%c 1 color: #6b7280 color: inherit; font-weight: normal color: #06b6d4; font-weight: bold color: inherit; font-weight: normal @ http://localhost:5173/node_modules/.vite/deps/evlog.js?v=201f10dc:622
[LOG]   %c└─%c %cruntime:%c browser color: #6b7280 color: inherit; font-weight: normal color: #06b6d4; font-weight: bold color: inherit; font-weight: normal @ http://localhost:5173/node_modules/.vite/deps/evlog.js?v=201f10dc:622
[LOG] %c14:24:08.532%c %cINFO%c %c[platform-web]%c color: #6b7280 color: inherit; font-weight: normal color: #06b6d4; font-weight: bold color: inherit; font-weight: normal color: #06b6d4; font-weight: bold color: inherit; font-weight: normal @ http://localhost:5173/node_modules/.vite/deps/evlog.js?v=201f10dc:607
[LOG]   %c├─%c %caction:%c fs.record_recent color: #6b7280 color: inherit; font-weight: normal color: #06b6d4; font-weight: bold color: inherit; font-weight: normal @ http://localhost:5173/node_modules/.vite/deps/evlog.js?v=201f10dc:622
[LOG]   %c├─%c %carea:%c fs color: #6b7280 color: inherit; font-weight: normal color: #06b6d4; font-weight: bold color: inherit; font-weight: normal @ http://localhost:5173/node_modules/.vite/deps/evlog.js?v=201f10dc:622
[LOG]   %c├─%c %cpath:%c Users/shaul/Desktop/D/platform color: #6b7280 color: inherit; font-weight: normal color: #06b6d4; font-weight: bold color: inherit; font-weight: normal @ http://localhost:5173/node_modules/.vite/deps/evlog.js?v=201f10dc:622
[LOG]   %c├─%c %cdurationMs:%c 19.5 color: #6b7280 color: inherit; font-weight: normal color: #06b6d4; font-weight: bold color: inherit; font-weight: normal @ http://localhost:5173/node_modules/.vite/deps/evlog.js?v=201f10dc:622
[LOG]   %c├─%c %coutcome:%c ok color: #6b7280 color: inherit; font-weight: normal color: #06b6d4; font-weight: bold color: inherit; font-weight: normal @ http://localhost:5173/node_modules/.vite/deps/evlog.js?v=201f10dc:622
[LOG]   %c└─%c %cruntime:%c browser color: #6b7280 color: inherit; font-weight: normal color: #06b6d4; font-weight: bold color: inherit; font-weight: normal @ http://localhost:5173/node_modules/.vite/deps/evlog.js?v=201f10dc:622
[LOG] %c14:24:08.534%c %cINFO%c %c[platform-web]%c color: #6b7280 color: inherit; font-weight: normal color: #06b6d4; font-weight: bold color: inherit; font-weight: normal color: #06b6d4; font-weight: bold color: inherit; font-weight: normal @ http://localhost:5173/node_modules/.vite/deps/evlog.js?v=201f10dc:607
[LOG]   %c├─%c %caction:%c workspace.root_selected color: #6b7280 color: inherit; font-weight: normal color: #06b6d4; font-weight: bold color: inherit; font-weight: normal @ http://localhost:5173/node_modules/.vite/deps/evlog.js?v=201f10dc:622
[LOG]   %c├─%c %carea:%c workspace color: #6b7280 color: inherit; font-weight: normal color: #06b6d4; font-weight: bold color: inherit; font-weight: normal @ http://localhost:5173/node_modules/.vite/deps/evlog.js?v=201f10dc:622
[LOG]   %c├─%c %centryType:%c directory color: #6b7280 color: inherit; font-weight: normal color: #06b6d4; font-weight: bold color: inherit; font-weight: normal @ http://localhost:5173/node_modules/.vite/deps/evlog.js?v=201f10dc:622
[LOG]   %c├─%c %cpath:%c Users/shaul/Desktop/D/platform color: #6b7280 color: inherit; font-weight: normal color: #06b6d4; font-weight: bold color: inherit; font-weight: normal @ http://localhost:5173/node_modules/.vite/deps/evlog.js?v=201f10dc:622
[LOG]   %c└─%c %cruntime:%c browser color: #6b7280 color: inherit; font-weight: normal color: #06b6d4; font-weight: bold color: inherit; font-weight: normal @ http://localhost:5173/node_modules/.vite/deps/evlog.js?v=201f10dc:622
[LOG] %c14:24:08.614%c %cINFO%c %c[platform-web]%c color: #6b7280 color: inherit; font-weight: normal color: #06b6d4; font-weight: bold color: inherit; font-weight: normal color: #06b6d4; font-weight: bold color: inherit; font-weight: normal @ http://localhost:5173/node_modules/.vite/deps/evlog.js?v=201f10dc:607
[LOG]   %c├─%c %caction:%c fs.stat color: #6b7280 color: inherit; font-weight: normal color: #06b6d4; font-weight: bold color: inherit; font-weight: normal @ http://localhost:5173/node_modules/.vite/deps/evlog.js?v=201f10dc:622
[LOG]   %c├─%c %carea:%c fs color: #6b7280 color: inherit; font-weight: normal color: #06b6d4; font-weight: bold color: inherit; font-weight: normal @ http://localhost:5173/node_modules/.vite/deps/evlog.js?v=201f10dc:622
[LOG]   %c├─%c %cpath:%c Users/shaul/Desktop/D/platform color: #6b7280 color: inherit; font-weight: normal color: #06b6d4; font-weight: bold color: inherit; font-weight: normal @ http://localhost:5173/node_modules/.vite/deps/evlog.js?v=201f10dc:622
[LOG]   %c├─%c %cdurationMs:%c 27.6 color: #6b7280 color: inherit; font-weight: normal color: #06b6d4; font-weight: bold color: inherit; font-weight: normal @ http://localhost:5173/node_modules/.vite/deps/evlog.js?v=201f10dc:622
[LOG]   %c├─%c %coutcome:%c ok color: #6b7280 color: inherit; font-weight: normal color: #06b6d4; font-weight: bold color: inherit; font-weight: normal @ http://localhost:5173/node_modules/.vite/deps/evlog.js?v=201f10dc:622
[LOG]   %c├─%c %centryType:%c directory color: #6b7280 color: inherit; font-weight: normal color: #06b6d4; font-weight: bold color: inherit; font-weight: normal @ http://localhost:5173/node_modules/.vite/deps/evlog.js?v=201f10dc:622
[LOG]   %c├─%c %csize:%c 1376 color: #6b7280 color: inherit; font-weight: normal color: #06b6d4; font-weight: bold color: inherit; font-weight: normal @ http://localhost:5173/node_modules/.vite/deps/evlog.js?v=201f10dc:622
[LOG]   %c└─%c %cruntime:%c browser color: #6b7280 color: inherit; font-weight: normal color: #06b6d4; font-weight: bold color: inherit; font-weight: normal @ http://localhost:5173/node_modules/.vite/deps/evlog.js?v=201f10dc:622
[LOG] %c14:24:08.637%c %cINFO%c %c[platform-web]%c color: #6b7280 color: inherit; font-weight: normal color: #06b6d4; font-weight: bold color: inherit; font-weight: normal color: #06b6d4; font-weight: bold color: inherit; font-weight: normal @ http://localhost:5173/node_modules/.vite/deps/evlog.js?v=201f10dc:607
[LOG]   %c├─%c %caction:%c layout.operation.dispatch color: #6b7280 color: inherit; font-weight: normal color: #06b6d4; font-weight: bold color: inherit; font-weight: normal @ http://localhost:5173/node_modules/.vite/deps/evlog.js?v=201f10dc:622
[LOG]   %c├─%c %carea:%c workbench.layout color: #6b7280 color: inherit; font-weight: normal color: #06b6d4; font-weight: bold color: inherit; font-weight: normal @ http://localhost:5173/node_modules/.vite/deps/evlog.js?v=201f10dc:622
[LOG]   %c├─%c %cactiveSurfaceChanged:%c true color: #6b7280 color: inherit; font-weight: normal color: #06b6d4; font-weight: bold color: inherit; font-weight: normal @ http://localhost:5173/node_modules/.vite/deps/evlog.js?v=201f10dc:622
[LOG]   %c├─%c %cactiveWindowChanged:%c true color: #6b7280 color: inherit; font-weight: normal color: #06b6d4; font-weight: bold color: inherit; font-weight: normal @ http://localhost:5173/node_modules/.vite/deps/evlog.js?v=201f10dc:622
[LOG]   %c├─%c %cbefore:%c activeSurface={"id":"surface:placeholder:empty-editor","title":"No file selected","type":"placeholder"} activeWindow={"id":"window:classic:editor","mode":"normal","surfaceCount":1} backgroundSurfaceCount=4 nodeCount=5 rootNodeId=node:classic:root runningSurfaceCount=1 surfaceCount=8 visibleSingletonSurfaceCount=2 visibleSurfaceCount=4 visibleWindowCount=3 windowCount=3 color: #6b7280 color: inherit; font-weight: normal color: #06b6d4; font-weight: bold color: inherit; font-weight: normal @ http://localhost:5173/node_modules/.vite/deps/evlog.js?v=201f10dc:622
[LOG]   %c├─%c %cchanged:%c true color: #6b7280 color: inherit; font-weight: normal color: #06b6d4; font-weight: bold color: inherit; font-weight: normal @ http://localhost:5173/node_modules/.vite/deps/evlog.js?v=201f10dc:622
[LOG]   %c├─%c %cdispatcher:%c editor-surface color: #6b7280 color: inherit; font-weight: normal color: #06b6d4; font-weight: bold color: inherit; font-weight: normal @ http://localhost:5173/node_modules/.vite/deps/evlog.js?v=201f10dc:622
[LOG]   %c├─%c %coperation:%c operationType=activateSurface surfaceId=surface:terminal:terminal-1 color: #6b7280 color: inherit; font-weight: normal color: #06b6d4; font-weight: bold color: inherit; font-weight: normal @ http://localhost:5173/node_modules/.vite/deps/evlog.js?v=201f10dc:622
[LOG]   %c├─%c %coutcome:%c ok color: #6b7280 color: inherit; font-weight: normal color: #06b6d4; font-weight: bold color: inherit; font-weight: normal @ http://localhost:5173/node_modules/.vite/deps/evlog.js?v=201f10dc:622
[LOG]   %c├─%c %cresult:%c activeSurface={"id":"surface:terminal:terminal-1","title":"Terminal","type":"terminal"} activeWindow={"id":"window:classic:diagnostics","mode":"normal","surfaceCount":2} backgroundSurfaceCount=4 nodeCount=5 rootNodeId=node:classic:root runningSurfaceCount=1 surfaceCount=8 visibleSingletonSurfaceCount=2 visibleSurfaceCount=4 visibleWindowCount=3 windowCount=3 color: #6b7280 color: inherit; font-weight: normal color: #06b6d4; font-weight: bold color: inherit; font-weight: normal @ http://localhost:5173/node_modules/.vite/deps/evlog.js?v=201f10dc:622
[LOG]   %c├─%c %cstateChanged:%c true color: #6b7280 color: inherit; font-weight: normal color: #06b6d4; font-weight: bold color: inherit; font-weight: normal @ http://localhost:5173/node_modules/.vite/deps/evlog.js?v=201f10dc:622
[LOG]   %c└─%c %cruntime:%c browser color: #6b7280 color: inherit; font-weight: normal color: #06b6d4; font-weight: bold color: inherit; font-weight: normal @ http://localhost:5173/node_modules/.vite/deps/evlog.js?v=201f10dc:622
[LOG] %c14:24:08.831%c %cINFO%c %c[platform-web]%c color: #6b7280 color: inherit; font-weight: normal color: #06b6d4; font-weight: bold color: inherit; font-weight: normal color: #06b6d4; font-weight: bold color: inherit; font-weight: normal @ http://localhost:5173/node_modules/.vite/deps/evlog.js?v=201f10dc:607
[LOG]   %c├─%c %carea:%c git color: #6b7280 color: inherit; font-weight: normal color: #06b6d4; font-weight: bold color: inherit; font-weight: normal @ http://localhost:5173/node_modules/.vite/deps/evlog.js?v=201f10dc:622
[LOG]   %c├─%c %caction:%c git.status color: #6b7280 color: inherit; font-weight: normal color: #06b6d4; font-weight: bold color: inherit; font-weight: normal @ http://localhost:5173/node_modules/.vite/deps/evlog.js?v=201f10dc:622
[LOG]   %c├─%c %cpath:%c Users/shaul/Desktop/D/platform color: #6b7280 color: inherit; font-weight: normal color: #06b6d4; font-weight: bold color: inherit; font-weight: normal @ http://localhost:5173/node_modules/.vite/deps/evlog.js?v=201f10dc:622
[LOG]   %c├─%c %cdurationMs:%c 241.9 color: #6b7280 color: inherit; font-weight: normal color: #06b6d4; font-weight: bold color: inherit; font-weight: normal @ http://localhost:5173/node_modules/.vite/deps/evlog.js?v=201f10dc:622
[LOG]   %c├─%c %coutcome:%c ok color: #6b7280 color: inherit; font-weight: normal color: #06b6d4; font-weight: bold color: inherit; font-weight: normal @ http://localhost:5173/node_modules/.vite/deps/evlog.js?v=201f10dc:622
[LOG]   %c├─%c %cfileCount:%c 67 color: #6b7280 color: inherit; font-weight: normal color: #06b6d4; font-weight: bold color: inherit; font-weight: normal @ http://localhost:5173/node_modules/.vite/deps/evlog.js?v=201f10dc:622
[LOG]   %c├─%c %chasRepository:%c true color: #6b7280 color: inherit; font-weight: normal color: #06b6d4; font-weight: bold color: inherit; font-weight: normal @ http://localhost:5173/node_modules/.vite/deps/evlog.js?v=201f10dc:622
[LOG]   %c└─%c %cruntime:%c browser color: #6b7280 color: inherit; font-weight: normal color: #06b6d4; font-weight: bold color: inherit; font-weight: normal @ http://localhost:5173/node_modules/.vite/deps/evlog.js?v=201f10dc:622
[LOG] %c14:24:08.949%c %cINFO%c %c[platform-web]%c color: #6b7280 color: inherit; font-weight: normal color: #06b6d4; font-weight: bold color: inherit; font-weight: normal color: #06b6d4; font-weight: bold color: inherit; font-weight: normal @ http://localhost:5173/node_modules/.vite/deps/evlog.js?v=201f10dc:607
[LOG]   %c├─%c %caction:%c fs.tree color: #6b7280 color: inherit; font-weight: normal color: #06b6d4; font-weight: bold color: inherit; font-weight: normal @ http://localhost:5173/node_modules/.vite/deps/evlog.js?v=201f10dc:622
[LOG]   %c├─%c %carea:%c fs color: #6b7280 color: inherit; font-weight: normal color: #06b6d4; font-weight: bold color: inherit; font-weight: normal @ http://localhost:5173/node_modules/.vite/deps/evlog.js?v=201f10dc:622
[LOG]   %c├─%c %cdurationMs:%c 108.3 color: #6b7280 color: inherit; font-weight: normal color: #06b6d4; font-weight: bold color: inherit; font-weight: normal @ http://localhost:5173/node_modules/.vite/deps/evlog.js?v=201f10dc:622
[LOG]   %c├─%c %centryCount:%c 38 color: #6b7280 color: inherit; font-weight: normal color: #06b6d4; font-weight: bold color: inherit; font-weight: normal @ http://localhost:5173/node_modules/.vite/deps/evlog.js?v=201f10dc:622
[LOG]   %c├─%c %coutcome:%c ok color: #6b7280 color: inherit; font-weight: normal color: #06b6d4; font-weight: bold color: inherit; font-weight: normal @ http://localhost:5173/node_modules/.vite/deps/evlog.js?v=201f10dc:622
[LOG]   %c├─%c %cpath:%c Users/shaul/Desktop/D/platform color: #6b7280 color: inherit; font-weight: normal color: #06b6d4; font-weight: bold color: inherit; font-weight: normal @ http://localhost:5173/node_modules/.vite/deps/evlog.js?v=201f10dc:622
[LOG]   %c├─%c %ccoalescedCount:%c 1 color: #6b7280 color: inherit; font-weight: normal color: #06b6d4; font-weight: bold color: inherit; font-weight: normal @ http://localhost:5173/node_modules/.vite/deps/evlog.js?v=201f10dc:622
[LOG]   %c└─%c %cruntime:%c browser color: #6b7280 color: inherit; font-weight: normal color: #06b6d4; font-weight: bold color: inherit; font-weight: normal @ http://localhost:5173/node_modules/.vite/deps/evlog.js?v=201f10dc:622
[LOG] %c14:24:23.945%c %cINFO%c %c[platform-web]%c color: #6b7280 color: inherit; font-weight: normal color: #06b6d4; font-weight: bold color: inherit; font-weight: normal color: #06b6d4; font-weight: bold color: inherit; font-weight: normal @ http://localhost:5173/node_modules/.vite/deps/evlog.js?v=201f10dc:607
[LOG]   %c├─%c %carea:%c git color: #6b7280 color: inherit; font-weight: normal color: #06b6d4; font-weight: bold color: inherit; font-weight: normal @ http://localhost:5173/node_modules/.vite/deps/evlog.js?v=201f10dc:622
[LOG]   %c├─%c %caction:%c git.status color: #6b7280 color: inherit; font-weight: normal color: #06b6d4; font-weight: bold color: inherit; font-weight: normal @ http://localhost:5173/node_modules/.vite/deps/evlog.js?v=201f10dc:622
[LOG]   %c├─%c %cpath:%c Users/shaul/Desktop/D/platform color: #6b7280 color: inherit; font-weight: normal color: #06b6d4; font-weight: bold color: inherit; font-weight: normal @ http://localhost:5173/node_modules/.vite/deps/evlog.js?v=201f10dc:622
[LOG]   %c├─%c %cdurationMs:%c 141.9 color: #6b7280 color: inherit; font-weight: normal color: #06b6d4; font-weight: bold color: inherit; font-weight: normal @ http://localhost:5173/node_modules/.vite/deps/evlog.js?v=201f10dc:622
[LOG]   %c├─%c %coutcome:%c ok color: #6b7280 color: inherit; font-weight: normal color: #06b6d4; font-weight: bold color: inherit; font-weight: normal @ http://localhost:5173/node_modules/.vite/deps/evlog.js?v=201f10dc:622
[LOG]   %c├─%c %cfileCount:%c 68 color: #6b7280 color: inherit; font-weight: normal color: #06b6d4; font-weight: bold color: inherit; font-weight: normal @ http://localhost:5173/node_modules/.vite/deps/evlog.js?v=201f10dc:622
[LOG]   %c├─%c %chasRepository:%c true color: #6b7280 color: inherit; font-weight: normal color: #06b6d4; font-weight: bold color: inherit; font-weight: normal @ http://localhost:5173/node_modules/.vite/deps/evlog.js?v=201f10dc:622
[LOG]   %c└─%c %cruntime:%c browser color: #6b7280 color: inherit; font-weight: normal color: #06b6d4; font-weight: bold color: inherit; font-weight: normal @ http://localhost:5173/node_modules/.vite/deps/evlog.js?v=201f10dc:622
[LOG] %c14:24:24.063%c %cINFO%c %c[platform-web]%c color: #6b7280 color: inherit; font-weight: normal color: #06b6d4; font-weight: bold color: inherit; font-weight: normal color: #06b6d4; font-weight: bold color: inherit; font-weight: normal @ http://localhost:5173/node_modules/.vite/deps/evlog.js?v=201f10dc:607
[LOG]   %c├─%c %caction:%c fs.tree color: #6b7280 color: inherit; font-weight: normal color: #06b6d4; font-weight: bold color: inherit; font-weight: normal @ http://localhost:5173/node_modules/.vite/deps/evlog.js?v=201f10dc:622
[LOG]   %c├─%c %carea:%c fs color: #6b7280 color: inherit; font-weight: normal color: #06b6d4; font-weight: bold color: inherit; font-weight: normal @ http://localhost:5173/node_modules/.vite/deps/evlog.js?v=201f10dc:622
[LOG]   %c├─%c %cdurationMs:%c 8 color: #6b7280 color: inherit; font-weight: normal color: #06b6d4; font-weight: bold color: inherit; font-weight: normal @ http://localhost:5173/node_modules/.vite/deps/evlog.js?v=201f10dc:622
[LOG]   %c├─%c %centryCount:%c 39 color: #6b7280 color: inherit; font-weight: normal color: #06b6d4; font-weight: bold color: inherit; font-weight: normal @ http://localhost:5173/node_modules/.vite/deps/evlog.js?v=201f10dc:622
[LOG]   %c├─%c %coutcome:%c ok color: #6b7280 color: inherit; font-weight: normal color: #06b6d4; font-weight: bold color: inherit; font-weight: normal @ http://localhost:5173/node_modules/.vite/deps/evlog.js?v=201f10dc:622
[LOG]   %c├─%c %cpath:%c Users/shaul/Desktop/D/platform color: #6b7280 color: inherit; font-weight: normal color: #06b6d4; font-weight: bold color: inherit; font-weight: normal @ http://localhost:5173/node_modules/.vite/deps/evlog.js?v=201f10dc:622
[LOG]   %c├─%c %ccoalescedCount:%c 1 color: #6b7280 color: inherit; font-weight: normal color: #06b6d4; font-weight: bold color: inherit; font-weight: normal @ http://localhost:5173/node_modules/.vite/deps/evlog.js?v=201f10dc:622
[LOG]   %c└─%c %cruntime:%c browser color: #6b7280 color: inherit; font-weight: normal color: #06b6d4; font-weight: bold color: inherit; font-weight: normal @ http://localhost:5173/node_modules/.vite/deps/evlog.js?v=201f10dc:622
[ERROR] Failed to load resource: net::ERR_INCOMPLETE_CHUNKED_ENCODING @ http://127.0.0.1:3001/fs/events?path=Users%2Fshaul%2FDesktop%2FD%2Fplatform:0
[LOG] %c14:24:55.233%c %cERROR%c %c[platform-web]%c color: #6b7280 color: inherit; font-weight: normal color: #ef4444; font-weight: bold color: inherit; font-weight: normal color: #06b6d4; font-weight: bold color: inherit; font-weight: normal @ http://localhost:5173/node_modules/.vite/deps/evlog.js?v=201f10dc:607
[LOG]   %c├─%c %caction:%c client.error color: #6b7280 color: inherit; font-weight: normal color: #06b6d4; font-weight: bold color: inherit; font-weight: normal @ http://localhost:5173/node_modules/.vite/deps/evlog.js?v=201f10dc:622
[LOG]   %c├─%c %carea:%c client-error-taxonomy color: #6b7280 color: inherit; font-weight: normal color: #06b6d4; font-weight: bold color: inherit; font-weight: normal @ http://localhost:5173/node_modules/.vite/deps/evlog.js?v=201f10dc:622
[LOG]   %c├─%c %ccategory:%c unknown color: #6b7280 color: inherit; font-weight: normal color: #06b6d4; font-weight: bold color: inherit; font-weight: normal @ http://localhost:5173/node_modules/.vite/deps/evlog.js?v=201f10dc:622
[LOG]   %c├─%c %ccause:%c message=network error name=TypeError color: #6b7280 color: inherit; font-weight: normal color: #06b6d4; font-weight: bold color: inherit; font-weight: normal @ http://localhost:5173/node_modules/.vite/deps/evlog.js?v=201f10dc:622
[LOG]   %c├─%c %cmessage:%c Something went wrong while talking to the file server. color: #6b7280 color: inherit; font-weight: normal color: #06b6d4; font-weight: bold color: inherit; font-weight: normal @ http://localhost:5173/node_modules/.vite/deps/evlog.js?v=201f10dc:622
[LOG]   %c├─%c %coperation:%c report color: #6b7280 color: inherit; font-weight: normal color: #06b6d4; font-weight: bold color: inherit; font-weight: normal @ http://localhost:5173/node_modules/.vite/deps/evlog.js?v=201f10dc:622
[LOG]   %c└─%c %cruntime:%c browser color: #6b7280 color: inherit; font-weight: normal color: #06b6d4; font-weight: bold color: inherit; font-weight: normal @ http://localhost:5173/node_modules/.vite/deps/evlog.js?v=201f10dc:622
[LOG] %c14:25:48.270%c %cINFO%c %c[platform-web]%c color: #6b7280 color: inherit; font-weight: normal color: #06b6d4; font-weight: bold color: inherit; font-weight: normal color: #06b6d4; font-weight: bold color: inherit; font-weight: normal @ http://localhost:5173/node_modules/.vite/deps/evlog.js?v=201f10dc:607
[LOG]   %c├─%c %caction:%c layout.operation.dispatch color: #6b7280 color: inherit; font-weight: normal color: #06b6d4; font-weight: bold color: inherit; font-weight: normal @ http://localhost:5173/node_modules/.vite/deps/evlog.js?v=201f10dc:622
[LOG]   %c├─%c %carea:%c workbench.layout color: #6b7280 color: inherit; font-weight: normal color: #06b6d4; font-weight: bold color: inherit; font-weight: normal @ http://localhost:5173/node_modules/.vite/deps/evlog.js?v=201f10dc:622
[LOG]   %c├─%c %cactiveSurfaceChanged:%c true color: #6b7280 color: inherit; font-weight: normal color: #06b6d4; font-weight: bold color: inherit; font-weight: normal @ http://localhost:5173/node_modules/.vite/deps/evlog.js?v=201f10dc:622
[LOG]   %c├─%c %cactiveWindowChanged:%c true color: #6b7280 color: inherit; font-weight: normal color: #06b6d4; font-weight: bold color: inherit; font-weight: normal @ http://localhost:5173/node_modules/.vite/deps/evlog.js?v=201f10dc:622
[LOG]   %c├─%c %cbefore:%c activeSurface={"id":"surface:terminal:terminal-1","title":"Terminal","type":"terminal"} activeWindow={"id":"window:classic:diagnostics","mode":"normal","surfaceCount":2} backgroundSurfaceCount=4 nodeCount=5 rootNodeId=node:classic:root runningSurfaceCount=1 surfaceCount=8 visibleSingletonSurfaceCount=2 visibleSurfaceCount=4 visibleWindowCount=3 windowCount=3 color: #6b7280 color: inherit; font-weight: normal color: #06b6d4; font-weight: bold color: inherit; font-weight: normal @ http://localhost:5173/node_modules/.vite/deps/evlog.js?v=201f10dc:622
[LOG]   %c├─%c %cchanged:%c true color: #6b7280 color: inherit; font-weight: normal color: #06b6d4; font-weight: bold color: inherit; font-weight: normal @ http://localhost:5173/node_modules/.vite/deps/evlog.js?v=201f10dc:622
[LOG]   %c├─%c %cdispatcher:%c editor-surface color: #6b7280 color: inherit; font-weight: normal color: #06b6d4; font-weight: bold color: inherit; font-weight: normal @ http://localhost:5173/node_modules/.vite/deps/evlog.js?v=201f10dc:622
[LOG]   %c├─%c %coperation:%c operationType=activateSurface surfaceId=surface:file-navigator:workspace color: #6b7280 color: inherit; font-weight: normal color: #06b6d4; font-weight: bold color: inherit; font-weight: normal @ http://localhost:5173/node_modules/.vite/deps/evlog.js?v=201f10dc:622
[LOG]   %c├─%c %coutcome:%c ok color: #6b7280 color: inherit; font-weight: normal color: #06b6d4; font-weight: bold color: inherit; font-weight: normal @ http://localhost:5173/node_modules/.vite/deps/evlog.js?v=201f10dc:622
[LOG]   %c├─%c %cresult:%c activeSurface={"id":"surface:file-navigator:workspace","title":"Files","type":"file-navigator"} activeWindow={"id":"window:classic:file-navigator","mode":"normal","surfaceCount":1} backgroundSurfaceCount=4 nodeCount=5 rootNodeId=node:classic:root runningSurfaceCount=1 surfaceCount=8 visibleSingletonSurfaceCount=2 visibleSurfaceCount=4 visibleWindowCount=3 windowCount=3 color: #6b7280 color: inherit; font-weight: normal color: #06b6d4; font-weight: bold color: inherit; font-weight: normal @ http://localhost:5173/node_modules/.vite/deps/evlog.js?v=201f10dc:622
[LOG]   %c├─%c %cstateChanged:%c true color: #6b7280 color: inherit; font-weight: normal color: #06b6d4; font-weight: bold color: inherit; font-weight: normal @ http://localhost:5173/node_modules/.vite/deps/evlog.js?v=201f10dc:622
[LOG]   %c└─%c %cruntime:%c browser color: #6b7280 color: inherit; font-weight: normal color: #06b6d4; font-weight: bold color: inherit; font-weight: normal @ http://localhost:5173/node_modules/.vite/deps/evlog.js?v=201f10dc:622
[LOG] %c14:25:48.314%c %cINFO%c %c[platform-web]%c color: #6b7280 color: inherit; font-weight: normal color: #06b6d4; font-weight: bold color: inherit; font-weight: normal color: #06b6d4; font-weight: bold color: inherit; font-weight: normal @ http://localhost:5173/node_modules/.vite/deps/evlog.js?v=201f10dc:607
[LOG]   %c├─%c %caction:%c editor.command.select_file color: #6b7280 color: inherit; font-weight: normal color: #06b6d4; font-weight: bold color: inherit; font-weight: normal @ http://localhost:5173/node_modules/.vite/deps/evlog.js?v=201f10dc:622
[LOG]   %c├─%c %carea:%c editor color: #6b7280 color: inherit; font-weight: normal color: #06b6d4; font-weight: bold color: inherit; font-weight: normal @ http://localhost:5173/node_modules/.vite/deps/evlog.js?v=201f10dc:622
[LOG]   %c├─%c %cexistingSurfaceId:%c null color: #6b7280 color: inherit; font-weight: normal color: #06b6d4; font-weight: bold color: inherit; font-weight: normal @ http://localhost:5173/node_modules/.vite/deps/evlog.js?v=201f10dc:622
[LOG]   %c├─%c %cnextActiveSurfaceId:%c surface:file-editor:Users/shaul/Desktop/D/platform/shell-proof-live.png color: #6b7280 color: inherit; font-weight: normal color: #06b6d4; font-weight: bold color: inherit; font-weight: normal @ http://localhost:5173/node_modules/.vite/deps/evlog.js?v=201f10dc:622
[LOG]   %c├─%c %cnextActiveWindowId:%c window:classic~:editor color: #6b7280 color: inherit; font-weight: normal color: #06b6d4; font-weight: bold color: inherit; font-weight: normal @ http://localhost:5173/node_modules/.vite/deps/evlog.js?v=201f10dc:622
[LOG]   %c├─%c %cnextOpenFilePaths:%c 0=Users/shaul/Desktop/D/platform/shell-proof-live.png color: #6b7280 color: inherit; font-weight: normal color: #06b6d4; font-weight: bold color: inherit; font-weight: normal @ http://localhost:5173/node_modules/.vite/deps/evlog.js?v=201f10dc:622
[LOG]   %c├─%c %cnextSelectedFilePath:%c Users/shaul/Desktop/D/platform/shell-proof-live.png color: #6b7280 color: inherit; font-weight: normal color: #06b6d4; font-weight: bold color: inherit; font-weight: normal @ http://localhost:5173/node_modules/.vite/deps/evlog.js?v=201f10dc:622
[LOG]   %c├─%c %cpreviousActiveSurfaceId:%c surface:file-navigator:workspace color: #6b7280 color: inherit; font-weight: normal color: #06b6d4; font-weight: bold color: inherit; font-weight: normal @ http://localhost:5173/node_modules/.vite/deps/evlog.js?v=201f10dc:622
[LOG]   %c├─%c %cpreviousActiveWindowId:%c window:classic~:file-navigator color: #6b7280 color: inherit; font-weight: normal color: #06b6d4; font-weight: bold color: inherit; font-weight: normal @ http://localhost:5173/node_modules/.vite/deps/evlog.js?v=201f10dc:622
[LOG]   %c├─%c %cpreviousOpenFilePaths:%c color: #6b7280 color: inherit; font-weight: normal color: #06b6d4; font-weight: bold color: inherit; font-weight: normal @ http://localhost:5173/node_modules/.vite/deps/evlog.js?v=201f10dc:622
[LOG]   %c├─%c %cpreviousSelectedFilePath:%c null color: #6b7280 color: inherit; font-weight: normal color: #06b6d4; font-weight: bold color: inherit; font-weight: normal @ http://localhost:5173/node_modules/.vite/deps/evlog.js?v=201f10dc:622
[LOG]   %c├─%c %crequestedPath:%c Users/shaul/Desktop/D/platform/shell-proof-live.png color: #6b7280 color: inherit; font-weight: normal color: #06b6d4; font-weight: bold color: inherit; font-weight: normal @ http://localhost:5173/node_modules/.vite/deps/evlog.js?v=201f10dc:622
[LOG]   %c├─%c %crequestedSurfaceActive:%c true color: #6b7280 color: inherit; font-weight: normal color: #06b6d4; font-weight: bold color: inherit; font-weight: normal @ http://localhost:5173/node_modules/.vite/deps/evlog.js?v=201f10dc:622
[LOG]   %c├─%c %crequestedSurfaceId:%c surface:file-editor:Users/shaul/Desktop/D/platform/shell-proof-live.png color: #6b7280 color: inherit; font-weight: normal color: #06b6d4; font-weight: bold color: inherit; font-weight: normal @ http://localhost:5173/node_modules/.vite/deps/evlog.js?v=201f10dc:622
[LOG]   %c└─%c %cruntime:%c browser color: #6b7280 color: inherit; font-weight: normal color: #06b6d4; font-weight: bold color: inherit; font-weight: normal @ http://localhost:5173/node_modules/.vite/deps/evlog.js?v=201f10dc:622
[LOG] %c14:25:48.646%c %cINFO%c %c[platform-web]%c color: #6b7280 color: inherit; font-weight: normal color: #06b6d4; font-weight: bold color: inherit; font-weight: normal color: #06b6d4; font-weight: bold color: inherit; font-weight: normal @ http://localhost:5173/node_modules/.vite/deps/evlog.js?v=201f10dc:607
[LOG]   %c├─%c %caction:%c fs.read color: #6b7280 color: inherit; font-weight: normal color: #06b6d4; font-weight: bold color: inherit; font-weight: normal @ http://localhost:5173/node_modules/.vite/deps/evlog.js?v=201f10dc:622
[LOG]   %c├─%c %carea:%c fs color: #6b7280 color: inherit; font-weight: normal color: #06b6d4; font-weight: bold color: inherit; font-weight: normal @ http://localhost:5173/node_modules/.vite/deps/evlog.js?v=201f10dc:622
[LOG]   %c├─%c %cdurationMs:%c 19.3 color: #6b7280 color: inherit; font-weight: normal color: #06b6d4; font-weight: bold color: inherit; font-weight: normal @ http://localhost:5173/node_modules/.vite/deps/evlog.js?v=201f10dc:622
[LOG]   %c├─%c %coutcome:%c ok color: #6b7280 color: inherit; font-weight: normal color: #06b6d4; font-weight: bold color: inherit; font-weight: normal @ http://localhost:5173/node_modules/.vite/deps/evlog.js?v=201f10dc:622
[LOG]   %c├─%c %cpath:%c Users/shaul/Desktop/D/platform/shell-proof-live.png color: #6b7280 color: inherit; font-weight: normal color: #06b6d4; font-weight: bold color: inherit; font-weight: normal @ http://localhost:5173/node_modules/.vite/deps/evlog.js?v=201f10dc:622
[LOG]   %c├─%c %csize:%c 32026 color: #6b7280 color: inherit; font-weight: normal color: #06b6d4; font-weight: bold color: inherit; font-weight: normal @ http://localhost:5173/node_modules/.vite/deps/evlog.js?v=201f10dc:622
[LOG]   %c├─%c %ccoalescedCount:%c 1 color: #6b7280 color: inherit; font-weight: normal color: #06b6d4; font-weight: bold color: inherit; font-weight: normal @ http://localhost:5173/node_modules/.vite/deps/evlog.js?v=201f10dc:622
[LOG]   %c└─%c %cruntime:%c browser color: #6b7280 color: inherit; font-weight: normal color: #06b6d4; font-weight: bold color: inherit; font-weight: normal @ http://localhost:5173/node_modules/.vite/deps/evlog.js?v=201f10dc:622
[LOG] %c14:25:48.646%c %cINFO%c %c[platform-web]%c color: #6b7280 color: inherit; font-weight: normal color: #06b6d4; font-weight: bold color: inherit; font-weight: normal color: #06b6d4; font-weight: bold color: inherit; font-weight: normal @ http://localhost:5173/node_modules/.vite/deps/evlog.js?v=201f10dc:607
[LOG]   %c├─%c %caction:%c fs.read color: #6b7280 color: inherit; font-weight: normal color: #06b6d4; font-weight: bold color: inherit; font-weight: normal @ http://localhost:5173/node_modules/.vite/deps/evlog.js?v=201f10dc:622
[LOG]   %c├─%c %carea:%c fs color: #6b7280 color: inherit; font-weight: normal color: #06b6d4; font-weight: bold color: inherit; font-weight: normal @ http://localhost:5173/node_modules/.vite/deps/evlog.js?v=201f10dc:622
[LOG]   %c├─%c %cdurationMs:%c 11.7 color: #6b7280 color: inherit; font-weight: normal color: #06b6d4; font-weight: bold color: inherit; font-weight: normal @ http://localhost:5173/node_modules/.vite/deps/evlog.js?v=201f10dc:622
[LOG]   %c├─%c %coutcome:%c ok color: #6b7280 color: inherit; font-weight: normal color: #06b6d4; font-weight: bold color: inherit; font-weight: normal @ http://localhost:5173/node_modules/.vite/deps/evlog.js?v=201f10dc:622
[LOG]   %c├─%c %cpath:%c Users/shaul/Desktop/D/platform/.jscpd.json color: #6b7280 color: inherit; font-weight: normal color: #06b6d4; font-weight: bold color: inherit; font-weight: normal @ http://localhost:5173/node_modules/.vite/deps/evlog.js?v=201f10dc:622
[LOG]   %c├─%c %csize:%c 424 color: #6b7280 color: inherit; font-weight: normal color: #06b6d4; font-weight: bold color: inherit; font-weight: normal @ http://localhost:5173/node_modules/.vite/deps/evlog.js?v=201f10dc:622
[LOG]   %c├─%c %ccoalescedCount:%c 1 color: #6b7280 color: inherit; font-weight: normal color: #06b6d4; font-weight: bold color: inherit; font-weight: normal @ http://localhost:5173/node_modules/.vite/deps/evlog.js?v=201f10dc:622
[LOG]   %c└─%c %cruntime:%c browser color: #6b7280 color: inherit; font-weight: normal color: #06b6d4; font-weight: bold color: inherit; font-weight: normal @ http://localhost:5173/node_modules/.vite/deps/evlog.js?v=201f10dc:622